Þ¯è©íE
ÖE{"Root":{"Path":"/","CreatedIndex":0,"ModifiedIndex":0,"ExpireTime":"0001-01-01T00:00:00Z","Value":"","Children":{"0":{"Path":"/0","CreatedIndex":0,"ModifiedIndex":0,"ExpireTime":"0001-01-01T00:00:00Z","Value":"","Children":{"members":{"Path":"/0/members","CreatedIndex":1,"ModifiedIndex":1,"ExpireTime":"0001-01-01T00:00:00Z","Value":"","Children":{"ce2a822cea30bfca":{"Path":"/0/members/ce2a822cea30bfca","CreatedIndex":1,"ModifiedIndex":1,"ExpireTime":"0001-01-01T00:00:00Z","Value":"","Children":{"attributes":{"Path":"/0/members/ce2a822cea30bfca/attributes","CreatedIndex":6,"ModifiedIndex":6,"ExpireTime":"0001-01-01T00:00:00Z","Value":"{\"name\":\"default\",\"clientURLs\":[\"http://localhost:2379\",\"http://localhost:4001\"]}","Children":null},"raftAttributes":{"Path":"/0/members/ce2a822cea30bfca/raftAttributes","CreatedIndex":1,"ModifiedIndex":1,"ExpireTime":"0001-01-01T00:00:00Z","Value":"{\"peerURLs\":[\"http://localhost:2380\",\"http://localhost:7001\"]}","Children":null}}}}},"version":{"Path":"/0/version","CreatedIndex":3,"ModifiedIndex":3,"ExpireTime":"0001-01-01T00:00:00Z","Value":"2.2.0","Children":null}}},"1":{"Path":"/1","CreatedIndex":0,"ModifiedIndex":0,"ExpireTime":"0001-01-01T00:00:00Z","Value":"","Children":{"envoy":{"Path":"/1/envoy","CreatedIndex":7,"ModifiedIndex":7,"ExpireTime":"0001-01-01T00:00:00Z","Value":"","Children":{"apiproxies":{"Path":"/1/envoy/apiproxies","CreatedIndex":7,"ModifiedIndex":7,"ExpireTime":"0001-01-01T00:00:00Z","Value":"","Children":{"test":{"Path":"/1/envoy/apiproxies/test","CreatedIndex":7,"ModifiedIndex":7,"ExpireTime":"0001-01-01T00:00:00Z","Value":"{example}","Children":null}}}}}}}}},"WatcherHub":{"EventHistory":{"Queue":{"Events":[{"action":"create","node":{"key":"/0/members/ce2a822cea30bfca/raftAttributes","value":"{\"peerURLs\":[\"http://localhost:2380\",\"http://localhost:7001\"]}","modifiedIndex":1,"createdIndex":1}},{"action":"set","node":{"key":"/0/members/ce2a822cea30bfca/attributes","value":"{\"name\":\"default\",\"clientURLs\":[\"http://localhost:2379\",\"http://localhost:4001\"]}","modifiedIndex":2,"createdIndex":2}},{"action":"set","node":{"key":"/0/version","value":"2.2.0","modifiedIndex":3,"createdIndex":3}},{"action":"set","node":{"key":"/0/members/ce2a822cea30bfca/attributes","value":"{\"name\":\"default\",\"clientURLs\":[\"http://localhost:2379\",\"http://localhost:4001\"]}","modifiedIndex":4,"createdIndex":4},"prevNode":{"key":"/0/members/ce2a822cea30bfca/attributes","value":"{\"name\":\"default\",\"clientURLs\":[\"http://localhost:2379\",\"http://localhost:4001\"]}","modifiedIndex":2,"createdIndex":2}},{"action":"set","node":{"key":"/0/members/ce2a822cea30bfca/attributes","value":"{\"name\":\"default\",\"clientURLs\":[\"http://localhost:2379\",\"http://localhost:4001\"]}","modifiedIndex":5,"createdIndex":5},"prevNode":{"key":"/0/members/ce2a822cea30bfca/attributes","value":"{\"name\":\"default\",\"clientURLs\":[\"http://localhost:2379\",\"http://localhost:4001\"]}","modifiedIndex":4,"createdIndex":4}},{"action":"set","node":{"key":"/0/members/ce2a822cea30bfca/attributes","value":"{\"name\":\"default\",\"clientURLs\":[\"http://localhost:2379\",\"http://localhost:4001\"]}","modifiedIndex":6,"createdIndex":6},"prevNode":{"key":"/0/members/ce2a822cea30bfca/attributes","value":"{\"name\":\"default\",\"clientURLs\":[\"http://localhost:2379\",\"http://localhost:4001\"]}","modifiedIndex":5,"createdIndex":5}},{"action":"set","node":{"key":"/1/envoy/apiproxies/test","value":"{example}","modifiedIndex":7,"createdIndex":7}},null,null,null,null,null,null,null,null,null,null,null,null,null,null,null,null,null,null,null,null,null,null,null,null,null,null,null,null,null,null,null,null,null,null,null,null,null,null,null,null,null,null,null,null,null,null,null,null,null,null,null,null,null,null,null,null,null,null,null,null,null,null,null,null,null,null,null,null,null,null,null,null,null,null,null,null,null,null,null,null,null,null,null,null,null,null,null,null,null,null,null,null,null,null,null,null,null,null,null,null,null,null,null,null,null,null,null,null,null,null,null,null,null,null,null,null,null,null,null,null,null,null,null,null,null,null,null,null,null,null,null,null,null,null,null,null,null,null,null,null,null,null,null,null,null,null,null,null,null,null,null,null,null,null,null,null,null,null,null,null,null,null,null,null,null,null,null,null,null,null,null,null,null,null,null,null,null,null,null,null,null,null,null,null,null,null,null,null,null,null,null,null,null,null,null,null,null,null,null,null,null,null,null,null,null,null,null,null,null,null,null,null,null,null,null,null,null,null,null,null,null,null,null,null,null,null,null,null,null,null,null,null,null,null,null,null,null,null,null,null,null,null,null,null,null,null,null,null,null,null,null,null,null,null,null,null,null,null,null,null,null,null,null,null,null,null,null,null,null,null,null,null,null,null,null,null,null,null,null,null,null,null,null,null,null,null,null,null,null,null,null,null,null,null,null,null,null,null,null,null,null,null,null,null,null,null,null,null,null,null,null,null,null,null,null,null,null,null,null,null,null,null,null,null,null,null,null,null,null,null,null,null,null,null,null,null,null,null,null,null,null,null,null,null,null,null,null,null,null,null,null,null,null,null,null,null,null,null,null,null,null,null,null,null,null,null,null,null,null,null,null,null,null,null,null,null,null,null,null,null,null,null,null,null,null,null,null,null,null,null,null,null,null,null,null,null,null,null,null,null,null,null,null,null,null,null,null,null,null,null,null,null,null,null,null,null,null,null,null,null,null,null,null,null,null,null,null,null,null,null,null,null,null,null,null,null,null,null,null,null,null,null,null,null,null,null,null,null,null,null,null,null,null,null,null,null,null,null,null,null,null,null,null,null,null,null,null,null,null,null,null,null,null,null,null,null,null,null,null,null,null,null,null,null,null,null,null,null,null,null,null,null,null,null,null,null,null,null,null,null,null,null,null,null,null,null,null,null,null,null,null,null,null,null,null,null,null,null,null,null,null,null,null,null,null,null,null,null,null,null,null,null,null,null,null,null,null,null,null,null,null,null,null,null,null,null,null,null,null,null,null,null,null,null,null,null,null,null,null,null,null,null,null,null,null,null,null,null,null,null,null,null,null,null,null,null,null,null,null,null,null,null,null,null,null,null,null,null,null,null,null,null,null,null,null,null,null,null,null,null,null,null,null,null,null,null,null,null,null,null,null,null,null,null,null,null,null,null,null,null,null,null,null,null,null,null,null,null,null,null,null,null,null,null,null,null,null,null,null,null,null,null,null,null,null,null,null,null,null,null,null,null,null,null,null,null,null,null,null,null,null,null,null,null,null,null,null,null,null,null,null,null,null,null,null,null,null,null,null,null,null,null,null,null,null,null,null,null,null,null,null,null,null,null,null,null,null,null,null,null,null,null,null,null,null,null,null,null,null,null,null,null,null,null,null,null,null,null,null,null,null,null,null,null,null,null,null,null,null,null,null,null,null,null,null,null,null,null,null,null,null,null,null,null,null,null,null,null,null,null,null,null,null,null,null,null,null,null,null,null,null,null,null,null,null,null,null,null,null,null,null,null,null,null,null,null,null,null,null,null,null,null,null,null,null,null,null,null,null,null,null,null,null,null,null,null,null,null,null,null,null,null,null,null,null,null,null,null,null,null,null,null,null,null,null,null,null,null,null,null,null,null,null,null,null,null,null,null,null,null,null,null,null,null,null,null,null,null,null,null,null,null,null,null,null,null,null,null,null,null,null,null,null,null,null,null,null,null,null,null,null,null,null,null,null,null,null,null,null,null,null,null,null,null,null,null,null,null,null,null,null,null,null,null,null,null,null,null,null,null,null,null,null,null,null,null,null,null,null,null,null,null,null,null,null,null,null,null,null,null,null,null,null,null,null,null,null,null,null,null,null,null,null,null,null,null,null,null,null,null,null,null,null,null,null,null,null,null,null,null,null,null,null,null,null,null,null,null,null,null,null,null,null,null,null,null,null,null,null,null,null,null,null,null,null,null,null,null,null,null,null,null,null,null,null,null,null,null,null,null,null,null,null,null,null,null,null,null,null,null,null,null,null],"Size":7,"Front":0,"Back":7,"Capacity":1000},"StartIndex":1,"LastIndex":7}},"CurrentIndex":7,"Stats":{"getsSuccess":0,"getsFail":4,"setsSuccess":6,"setsFail":0,"deleteSuccess":0,"deleteFail":0,"updateSuccess":0,"updateFail":0,"createSuccess":1,"createFail":0,"compareAndSwapSuccess":0,"compareAndSwapFail":0,"compareAndDeleteSuccess":0,"compareAndDeleteFail":0,"expireCount":0,"watchers":0},"CurrentVersion":2}
ÊÿÂÑÎÅ •Î‘N